Electrostatic potential parameters
    van der Waals radii (Angstrom):
                                      C = 1.500
                                      H = 1.200
                                      O = 1.400
    VDW scale factors:                1.4 1.6 1.8 2.0
    VDW point density:                1.0
    ESP method:                       scf
    ESP basis set:
                                      assign H 6-31g*
                                      assign C 6-31g*
                                      assign O 6-31g*

Grid information
    Quantum ESP File(s):
                                      acetic_acid_grid_esp.dat

    Grid Points File(s) (# of points):
                                      acetic_acid_grid.dat (534)

Constraints
    Charge constraints: None

    Equivalent charges on atoms: None

Restraint
    ihfree:                           True
    resp_a:                           0.0005
    resp_b:                           0.1000

Fit
    Electrostatic Potential Charges:
        Center  Symbol        esp         resp        
          1        C      -0.47448293 -0.29504701
          2        H       0.15053456  0.10713424
          3        H       0.15053456  0.10713424
          4        H       0.13074761  0.08483234
          5        C       0.88861006  0.80432822
          6        O      -0.67611997 -0.66146571
          7        H       0.45167236  0.45334414
          8        O      -0.62149626 -0.60026044

        Total Charge:     -0.00000000  0.00000000
